LAST SEEN   TYPE      REASON                         OBJECT                               MESSAGE
60m         Normal    ScalingReplicaSet              deployment/php-apache                Scaled up replica set php-apache-5554b974cc from 0 to 1
57m         Warning   FailedComputeMetricsReplicas   horizontalpodautoscaler/php-apache   invalid metrics (1 invalid out of 1), first error is: failed to get cpu resource metric value: failed to get cpu utilization: unable to get metrics for resource cpu: no metrics returned from resource metrics API
55m         Warning   FailedGetResourceMetric        horizontalpodautoscaler/php-apache   failed to get cpu utilization: unable to get metrics for resource cpu: no metrics returned from resource metrics API
45m         Warning   FailedGetResourceMetric        horizontalpodautoscaler/php-apache   failed to get cpu utilization: unable to get metrics for resource cpu: unable to fetch metrics from resource metrics API: the server is currently unable to handle the request (get pods.metrics.k8s.io)
45m         Warning   FailedComputeMetricsReplicas   horizontalpodautoscaler/php-apache   invalid metrics (1 invalid out of 1), first error is: failed to get cpu resource metric value: failed to get cpu utilization: unable to get metrics for resource cpu: unable to fetch metrics from resource metrics API: the server is currently unable to handle the request (get pods.metrics.k8s.io)
41m         Normal    SuccessfulRescale              horizontalpodautoscaler/php-apache   New size: 3; reason: cpu resource utilization (percentage of request) above target
41m         Normal    ScalingReplicaSet              deployment/php-apache                Scaled up replica set php-apache-5554b974cc from 2 to 3
18m         Normal    SuccessfulRescale              horizontalpodautoscaler/php-apache   New size: 4; reason: All metrics below target
18m         Normal    ScalingReplicaSet              deployment/php-apache                Scaled down replica set php-apache-5554b974cc from 6 to 4
17m         Normal    ScalingReplicaSet              deployment/php-apache                Scaled down replica set php-apache-5554b974cc from 4 to 2
17m         Normal    SuccessfulRescale              horizontalpodautoscaler/php-apache   New size: 2; reason: All metrics below target
16m         Normal    ScalingReplicaSet              deployment/php-apache                Scaled down replica set php-apache-5554b974cc from 2 to 1
5m55s       Normal    SuccessfulRescale              horizontalpodautoscaler/php-apache   New size: 3; reason: All metrics below target
5m55s       Normal    ScalingReplicaSet              deployment/php-apache                Scaled down replica set php-apache-5554b974cc from 6 to 3
4m55s       Normal    ScalingReplicaSet              deployment/php-apache                Scaled down replica set php-apache-5554b974cc from 3 to 1
4m55s       Normal    SuccessfulRescale              horizontalpodautoscaler/php-apache   New size: 1; reason: All metrics below target
3m39s       Normal    ScalingReplicaSet              deployment/php-apache                Scaled up replica set php-apache-5554b974cc from 1 to 2
3m39s       Normal    SuccessfulRescale              horizontalpodautoscaler/php-apache   New size: 2; reason: cpu resource utilization (percentage of request) above target
2m37s       Normal    ScalingReplicaSet              deployment/php-apache                Scaled up replica set php-apache-5554b974cc from 2 to 4
2m37s       Normal    SuccessfulRescale              horizontalpodautoscaler/php-apache   New size: 4; reason: cpu resource utilization (percentage of request) above target
49s         Normal    SuccessfulRescale              horizontalpodautoscaler/php-apache   New size: 6; reason: cpu resource utilization (percentage of request) above target
49s         Normal    ScalingReplicaSet              deployment/php-apache                Scaled up replica set php-apache-5554b974cc from 4 to 6
