LAST SEEN   TYPE     REASON              OBJECT                               MESSAGE
42m         Normal   SuccessfulRescale   horizontalpodautoscaler/php-apache   New size: 4; reason: All metrics below target
42m         Normal   ScalingReplicaSet   deployment/php-apache                Scaled down replica set php-apache-5554b974cc from 6 to 4
41m         Normal   ScalingReplicaSet   deployment/php-apache                Scaled down replica set php-apache-5554b974cc from 4 to 2
41m         Normal   SuccessfulRescale   horizontalpodautoscaler/php-apache   New size: 2; reason: All metrics below target
40m         Normal   ScalingReplicaSet   deployment/php-apache                Scaled down replica set php-apache-5554b974cc from 2 to 1
29m         Normal   ScalingReplicaSet   deployment/php-apache                Scaled down replica set php-apache-5554b974cc from 6 to 3
29m         Normal   SuccessfulRescale   horizontalpodautoscaler/php-apache   New size: 3; reason: All metrics below target
28m         Normal   ScalingReplicaSet   deployment/php-apache                Scaled down replica set php-apache-5554b974cc from 3 to 1
28m         Normal   SuccessfulRescale   horizontalpodautoscaler/php-apache   New size: 1; reason: All metrics below target
26m         Normal   ScalingReplicaSet   deployment/php-apache                Scaled up replica set php-apache-5554b974cc from 2 to 4
24m         Normal   ScalingReplicaSet   deployment/php-apache                Scaled up replica set php-apache-5554b974cc from 4 to 6
21m         Normal   ScalingReplicaSet   deployment/php-apache                Scaled up replica set php-apache-5554b974cc from 2 to 3
21m         Normal   SuccessfulRescale   horizontalpodautoscaler/php-apache   New size: 3; reason: cpu resource utilization (percentage of request) above target
17m         Normal   ScalingReplicaSet   deployment/php-apache                (combined from similar events): Scaled down replica set php-apache-5554b974cc from 2 to 1
9m21s       Normal   ScalingReplicaSet   deployment/php-apache                Scaled up replica set php-apache-5554b974cc from 1 to 2
8m22s       Normal   SuccessfulRescale   horizontalpodautoscaler/php-apache   New size: 4; reason: cpu resource utilization (percentage of request) above target
6m21s       Normal   SuccessfulRescale   horizontalpodautoscaler/php-apache   New size: 6; reason: cpu resource utilization (percentage of request) above target
5m44s       Normal   ScalingReplicaSet   deployment/php-apache                Scaled down replica set php-apache-5554b974cc from 6 to 1
3m32s       Normal   SuccessfulRescale   horizontalpodautoscaler/php-apache   New size: 2; reason: cpu resource utilization (percentage of request) above target
