LAST SEEN   TYPE      REASON                         OBJECT                               MESSAGE
51m         Normal    ScalingReplicaSet              deployment/php-apache                Scaled down replica set php-apache-5554b974cc from 6 to 3
51m         Normal    SuccessfulRescale              horizontalpodautoscaler/php-apache   New size: 3; reason: All metrics below target
50m         Normal    SuccessfulRescale              horizontalpodautoscaler/php-apache   New size: 1; reason: All metrics below target
50m         Normal    ScalingReplicaSet              deployment/php-apache                Scaled down replica set php-apache-5554b974cc from 3 to 1
48m         Normal    ScalingReplicaSet              deployment/php-apache                Scaled up replica set php-apache-5554b974cc from 2 to 4
42m         Normal    SuccessfulRescale              horizontalpodautoscaler/php-apache   New size: 3; reason: cpu resource utilization (percentage of request) above target
42m         Normal    ScalingReplicaSet              deployment/php-apache                Scaled up replica set php-apache-5554b974cc from 2 to 3
30m         Normal    SuccessfulRescale              horizontalpodautoscaler/php-apache   New size: 4; reason: cpu resource utilization (percentage of request) above target
28m         Normal    SuccessfulRescale              horizontalpodautoscaler/php-apache   New size: 6; reason: cpu resource utilization (percentage of request) above target
21m         Normal    ScalingReplicaSet              deployment/php-apache                Scaled down replica set php-apache-5554b974cc from 6 to 1
16m         Normal    ScalingReplicaSet              deployment/php-apache                Scaled up replica set php-apache-5554b974cc from 4 to 6
14m         Warning   FailedGetResourceMetric        horizontalpodautoscaler/php-apache   failed to get cpu utilization: unable to get metrics for resource cpu: no metrics returned from resource metrics API
14m         Warning   FailedComputeMetricsReplicas   horizontalpodautoscaler/php-apache   invalid metrics (1 invalid out of 1), first error is: failed to get cpu resource metric value: failed to get cpu utilization: unable to get metrics for resource cpu: no metrics returned from resource metrics API
12m         Warning   FailedComputeMetricsReplicas   horizontalpodautoscaler/php-apache   invalid metrics (1 invalid out of 1), first error is: failed to get cpu resource metric value: failed to get cpu utilization: unable to get metrics for resource cpu: unable to fetch metrics from resource metrics API: the server is currently unable to handle the request (get pods.metrics.k8s.io)
12m         Warning   FailedGetResourceMetric        horizontalpodautoscaler/php-apache   failed to get cpu utilization: unable to get metrics for resource cpu: unable to fetch metrics from resource metrics API: the server is currently unable to handle the request (get pods.metrics.k8s.io)
9m54s       Normal    ScalingReplicaSet              deployment/php-apache                Scaled up replica set php-apache-5554b974cc from 1 to 2
7m39s       Warning   FailedUpdateStatus             horizontalpodautoscaler/php-apache   etcdserver: request timed out
6m51s       Normal    SuccessfulRescale              horizontalpodautoscaler/php-apache   New size: 2; reason: cpu resource utilization (percentage of request) above target
2m          Warning   FailedRescale                  horizontalpodautoscaler/php-apache   New size: 6; reason: cpu resource utilization (percentage of request) above target; error: etcdserver: request timed out
117s        Normal    ScalingReplicaSet              deployment/php-apache                (combined from similar events): Scaled up replica set php-apache-5554b974cc from 3 to 6
