LAST SEEN   TYPE      REASON                         OBJECT                               MESSAGE
31m         Normal    ScalingReplicaSet              deployment/php-apache                Scaled up replica set php-apache-5554b974cc from 0 to 1
28m         Warning   FailedComputeMetricsReplicas   horizontalpodautoscaler/php-apache   invalid metrics (1 invalid out of 1), first error is: failed to get cpu resource metric value: failed to get cpu utilization: unable to get metrics for resource cpu: no metrics returned from resource metrics API
26m         Warning   FailedGetResourceMetric        horizontalpodautoscaler/php-apache   failed to get cpu utilization: unable to get metrics for resource cpu: no metrics returned from resource metrics API
17m         Warning   FailedGetResourceMetric        horizontalpodautoscaler/php-apache   failed to get cpu utilization: unable to get metrics for resource cpu: unable to fetch metrics from resource metrics API: the server is currently unable to handle the request (get pods.metrics.k8s.io)
17m         Warning   FailedComputeMetricsReplicas   horizontalpodautoscaler/php-apache   invalid metrics (1 invalid out of 1), first error is: failed to get cpu resource metric value: failed to get cpu utilization: unable to get metrics for resource cpu: unable to fetch metrics from resource metrics API: the server is currently unable to handle the request (get pods.metrics.k8s.io)
13m         Normal    SuccessfulRescale              horizontalpodautoscaler/php-apache   New size: 3; reason: cpu resource utilization (percentage of request) above target
13m         Normal    ScalingReplicaSet              deployment/php-apache                Scaled up replica set php-apache-5554b974cc from 2 to 3
12m         Normal    ScalingReplicaSet              deployment/php-apache                Scaled down replica set php-apache-5554b974cc from 3 to 1
11m         Normal    ScalingReplicaSet              deployment/php-apache                Scaled up replica set php-apache-5554b974cc from 1 to 2
11m         Normal    SuccessfulRescale              horizontalpodautoscaler/php-apache   New size: 2; reason: cpu resource utilization (percentage of request) above target
10m         Normal    SuccessfulRescale              horizontalpodautoscaler/php-apache   New size: 4; reason: cpu resource utilization (percentage of request) above target
10m         Normal    ScalingReplicaSet              deployment/php-apache                Scaled up replica set php-apache-5554b974cc from 2 to 4
8m11s       Normal    ScalingReplicaSet              deployment/php-apache                Scaled up replica set php-apache-5554b974cc from 4 to 6
8m11s       Normal    SuccessfulRescale              horizontalpodautoscaler/php-apache   New size: 6; reason: cpu resource utilization (percentage of request) above target
2m21s       Normal    SuccessfulRescale              horizontalpodautoscaler/php-apache   New size: 4; reason: All metrics below target
2m21s       Normal    ScalingReplicaSet              deployment/php-apache                Scaled down replica set php-apache-5554b974cc from 6 to 4
79s         Normal    SuccessfulRescale              horizontalpodautoscaler/php-apache   New size: 2; reason: All metrics below target
79s         Normal    ScalingReplicaSet              deployment/php-apache                Scaled down replica set php-apache-5554b974cc from 4 to 2
19s         Normal    ScalingReplicaSet              deployment/php-apache                Scaled down replica set php-apache-5554b974cc from 2 to 1
19s         Normal    SuccessfulRescale              horizontalpodautoscaler/php-apache   New size: 1; reason: All metrics below target
