[22:46:59] [1/5] Iniciando o cluster Minikube...
* minikube v1.38.1 on Microsoft Windows 11 Pro 25H2
* Using the docker driver based on user configuration
! Starting v1.39.0, minikube will default to "containerd" container runtime. See #21973 for more info.
* Using Docker Desktop driver with root privileges
* Starting "minikube" primary control-plane node in "minikube" cluster
* Pulling base image v0.0.50 ...
* Downloading Kubernetes v1.35.1 preload ...
! minikube was unable to download gcr.io/k8s-minikube/kicbase:v0.0.50, but successfully downloaded docker.io/kicbase/stable:v0.0.50@sha256:eb4fec00e8ad70adf8e6436f195cc429825ffb85f95afcdb5d8d9deb576f3e93 as a fallback image
* Configuring bridge CNI (Container Networking Interface) ...
* Verifying Kubernetes components...
  - Using image gcr.io/k8s-minikube/storage-provisioner:v5
* Enabled addons: storage-provisioner, default-storageclass
* Done! kubectl is now configured to use "minikube" cluster and "default" namespace by default
[22:57:37] [2/5] Habilitando o addon metrics-server (o HPA depende dele)...
* metrics-server is an addon maintained by Kubernetes. For any concerns contact minikube on GitHub.
You can view the list of minikube maintainers at: https://github.com/kubernetes/minikube/blob/master/OWNERS
  - Using image registry.k8s.io/metrics-server/metrics-server:v0.8.1
* The 'metrics-server' addon is enabled
[22:57:38] [3/5] Aguardando o metrics-server...
Waiting for deployment spec update to be observed...
Waiting for deployment spec update to be observed...
Waiting for deployment "metrics-server" rollout to finish: 0 out of 1 new replicas have been updated...
Waiting for deployment "metrics-server" rollout to finish: 0 of 1 updated replicas are available...
deployment "metrics-server" successfully rolled out
[23:00:32]       validando a Metrics API...
NAME                     SERVICE                      AVAILABLE   AGE
v1beta1.metrics.k8s.io   kube-system/metrics-server   True        2m54s
[23:00:32] [4/5] Aplicando Deployment, Service e HPA...
deployment.apps/php-apache created
service/php-apache created
horizontalpodautoscaler.autoscaling/php-apache created
Waiting for deployment "php-apache" rollout to finish: 0 of 1 updated replicas are available...
error: timed out waiting for the condition
